<?xml version="1.0" encoding="UTF-8" ?>
<testsuites name="vitest tests" tests="405" failures="0" errors="0" time="10.601332429">
    <testsuite name="tests/integration/admin-dashboard.test.tsx" timestamp="2026-09-18T22:15:06.913Z" hostname="t42d1" tests="10" failures="0" errors="0" skipped="0" time="0.207874402">
        <testcase classname="tests/integration/admin-dashboard.test.tsx" name="Admin Dashboard: Admin-only Features, User Management &gt; renders admin dashboard for admin users" time="0.062234784">
        </testcase>
        <testcase classname="tests/integration/admin-dashboard.test.tsx" name="Admin Dashboard: Admin-only Features, User Management &gt; renders list of agency users" time="0.020631902">
        </testcase>
        <testcase classname="tests/integration/admin-dashboard.test.tsx" name="Admin Dashboard: Admin-only Features, User Management &gt; displays user roles" time="0.022438995">
        </testcase>
        <testcase classname="tests/integration/admin-dashboard.test.tsx" name="Admin Dashboard: Admin-only Features, User Management &gt; displays user active/inactive status" time="0.013448006">
        </testcase>
        <testcase classname="tests/integration/admin-dashboard.test.tsx" name="Admin Dashboard: Admin-only Features, User Management &gt; toggles user active/inactive status" time="0.026336453">
        </testcase>
        <testcase classname="tests/integration/admin-dashboard.test.tsx" name="Admin Dashboard: Admin-only Features, User Management &gt; restricts access for non-admin users" time="0.003599408">
        </testcase>
        <testcase classname="tests/integration/admin-dashboard.test.tsx" name="Admin Dashboard: Admin-only Features, User Management &gt; handles user list loading state" time="0.002888204">
        </testcase>
        <testcase classname="tests/integration/admin-dashboard.test.tsx" name="Admin Dashboard: Admin-only Features, User Management &gt; handles empty user list" time="0.01470429">
        </testcase>
        <testcase classname="tests/integration/admin-dashboard.test.tsx" name="Admin Dashboard: Admin-only Features, User Management &gt; renders agency stats section" time="0.025784543">
        </testcase>
        <testcase classname="tests/integration/admin-dashboard.test.tsx" name="Admin Dashboard: Admin-only Features, User Management &gt; handles API errors when loading users" time="0.010432697">
        </testcase>
    </testsuite>
    <testsuite name="tests/integration/ai-features.test.tsx" timestamp="2026-09-18T22:15:06.915Z" hostname="t42d1" tests="12" failures="0" errors="0" skipped="0" time="0.219121229">
        <testcase classname="tests/integration/ai-features.test.tsx" name="AI Features: Match Results Display, Copy Generation &gt; renders AI match panel with trigger button" time="0.044964808">
        </testcase>
        <testcase classname="tests/integration/ai-features.test.tsx" name="AI Features: Match Results Display, Copy Generation &gt; shows loading state when matching is triggered" time="0.023115721">
        </testcase>
        <testcase classname="tests/integration/ai-features.test.tsx" name="AI Features: Match Results Display, Copy Generation &gt; displays match results with scores and reasons" time="0.028184994">
        </testcase>
        <testcase classname="tests/integration/ai-features.test.tsx" name="AI Features: Match Results Display, Copy Generation &gt; displays multiple match results" time="0.016209984">
        </testcase>
        <testcase classname="tests/integration/ai-features.test.tsx" name="AI Features: Match Results Display, Copy Generation &gt; shows error state when AI service fails" time="0.018759841">
        </testcase>
        <testcase classname="tests/integration/ai-features.test.tsx" name="AI Features: Match Results Display, Copy Generation &gt; shows message when no matches found" time="0.016533382">
        </testcase>
        <testcase classname="tests/integration/ai-features.test.tsx" name="AI Features: Match Results Display, Copy Generation &gt; renders AI copy generator with tone selector" time="0.010113149">
        </testcase>
        <testcase classname="tests/integration/ai-features.test.tsx" name="AI Features: Match Results Display, Copy Generation &gt; generates marketing copy on button click" time="0.01171823">
        </testcase>
        <testcase classname="tests/integration/ai-features.test.tsx" name="AI Features: Match Results Display, Copy Generation &gt; displays generated highlights" time="0.012359386">
        </testcase>
        <testcase classname="tests/integration/ai-features.test.tsx" name="AI Features: Match Results Display, Copy Generation &gt; shows loading state during copy generation" time="0.00732893">
        </testcase>
        <testcase classname="tests/integration/ai-features.test.tsx" name="AI Features: Match Results Display, Copy Generation &gt; handles different tone selections" time="0.00787896">
        </testcase>
        <testcase classname="tests/integration/ai-features.test.tsx" name="AI Features: Match Results Display, Copy Generation &gt; handles AI generation errors gracefully" time="0.011797577">
        </testcase>
    </testsuite>
    <testsuite name="tests/integration/auth-flow.test.tsx" timestamp="2026-09-18T22:15:06.917Z" hostname="t42d1" tests="8" failures="0" errors="0" skipped="0" time="0.086710015">
        <testcase classname="tests/integration/auth-flow.test.tsx" name="Auth Flow: Sign-in -&gt; Redirect -&gt; Dashboard Load &gt; renders dashboard for authenticated user" time="0.038605062">
        </testcase>
        <testcase classname="tests/integration/auth-flow.test.tsx" name="Auth Flow: Sign-in -&gt; Redirect -&gt; Dashboard Load &gt; redirects unauthenticated user to sign-in" time="0.006965184">
        </testcase>
        <testcase classname="tests/integration/auth-flow.test.tsx" name="Auth Flow: Sign-in -&gt; Redirect -&gt; Dashboard Load &gt; shows loading state while Clerk loads" time="0.007183106">
        </testcase>
        <testcase classname="tests/integration/auth-flow.test.tsx" name="Auth Flow: Sign-in -&gt; Redirect -&gt; Dashboard Load &gt; renders sign-in page with auth options" time="0.008158501">
        </testcase>
        <testcase classname="tests/integration/auth-flow.test.tsx" name="Auth Flow: Sign-in -&gt; Redirect -&gt; Dashboard Load &gt; redirect to sign-in renders redirect component" time="0.008017146">
        </testcase>
        <testcase classname="tests/integration/auth-flow.test.tsx" name="Auth Flow: Sign-in -&gt; Redirect -&gt; Dashboard Load &gt; dashboard loads user data after successful sign-in" time="0.007907219">
        </testcase>
        <testcase classname="tests/integration/auth-flow.test.tsx" name="Auth Flow: Sign-in -&gt; Redirect -&gt; Dashboard Load &gt; handles session expiry gracefully" time="0.003374686">
        </testcase>
        <testcase classname="tests/integration/auth-flow.test.tsx" name="Auth Flow: Sign-in -&gt; Redirect -&gt; Dashboard Load &gt; handles Clerk loading failure" time="0.001704908">
        </testcase>
    </testsuite>
    <testsuite name="tests/integration/blog-management.test.tsx" timestamp="2026-09-18T22:15:06.917Z" hostname="t42d1" tests="12" failures="0" errors="0" skipped="0" time="0.254649545">
        <testcase classname="tests/integration/blog-management.test.tsx" name="Blog Management: CRUD Flow &gt; renders blog list with posts from API" time="0.100672031">
        </testcase>
        <testcase classname="tests/integration/blog-management.test.tsx" name="Blog Management: CRUD Flow &gt; displays blog post status (published/draft)" time="0.014606353">
        </testcase>
        <testcase classname="tests/integration/blog-management.test.tsx" name="Blog Management: CRUD Flow &gt; displays blog post tags" time="0.031505562">
        </testcase>
        <testcase classname="tests/integration/blog-management.test.tsx" name="Blog Management: CRUD Flow &gt; renders create blog button" time="0.012002279">
        </testcase>
        <testcase classname="tests/integration/blog-management.test.tsx" name="Blog Management: CRUD Flow &gt; renders blog editor with empty form for new post" time="0.009400034">
        </testcase>
        <testcase classname="tests/integration/blog-management.test.tsx" name="Blog Management: CRUD Flow &gt; renders blog editor with existing data for edit" time="0.004979017">
        </testcase>
        <testcase classname="tests/integration/blog-management.test.tsx" name="Blog Management: CRUD Flow &gt; save draft button calls API with draft status" time="0.022701876">
        </testcase>
        <testcase classname="tests/integration/blog-management.test.tsx" name="Blog Management: CRUD Flow &gt; publish button calls API with published status" time="0.013301481">
        </testcase>
        <testcase classname="tests/integration/blog-management.test.tsx" name="Blog Management: CRUD Flow &gt; shows saving state during save" time="0.013758375">
        </testcase>
        <testcase classname="tests/integration/blog-management.test.tsx" name="Blog Management: CRUD Flow &gt; handles tags as comma-separated input" time="0.006134505">
        </testcase>
        <testcase classname="tests/integration/blog-management.test.tsx" name="Blog Management: CRUD Flow &gt; handles blog deletion" time="0.010920238">
        </testcase>
        <testcase classname="tests/integration/blog-management.test.tsx" name="Blog Management: CRUD Flow &gt; handles empty blog list" time="0.007927579">
        </testcase>
    </testsuite>
    <testsuite name="tests/integration/dashboard-stats.test.tsx" timestamp="2026-09-18T22:15:06.919Z" hostname="t42d1" tests="9" failures="0" errors="0" skipped="0" time="0.316980394">
        <testcase classname="tests/integration/dashboard-stats.test.tsx" name="Dashboard Stats: Loading, Error States, Refresh &gt; renders loading skeleton while fetching stats" time="0.048050744">
        </testcase>
        <testcase classname="tests/integration/dashboard-stats.test.tsx" name="Dashboard Stats: Loading, Error States, Refresh &gt; renders stat cards after successful data load" time="0.06258977">
        </testcase>
        <testcase classname="tests/integration/dashboard-stats.test.tsx" name="Dashboard Stats: Loading, Error States, Refresh &gt; renders individual StatCard with correct props" time="0.006394055">
        </testcase>
        <testcase classname="tests/integration/dashboard-stats.test.tsx" name="Dashboard Stats: Loading, Error States, Refresh &gt; renders StatCard with trend indicator" time="0.006786291">
        </testcase>
        <testcase classname="tests/integration/dashboard-stats.test.tsx" name="Dashboard Stats: Loading, Error States, Refresh &gt; shows error state when API fails" time="0.017093102">
        </testcase>
        <testcase classname="tests/integration/dashboard-stats.test.tsx" name="Dashboard Stats: Loading, Error States, Refresh &gt; retry button re-fetches data" time="0.054016716">
        </testcase>
        <testcase classname="tests/integration/dashboard-stats.test.tsx" name="Dashboard Stats: Loading, Error States, Refresh &gt; refresh button triggers new API call" time="0.043225872">
        </testcase>
        <testcase classname="tests/integration/dashboard-stats.test.tsx" name="Dashboard Stats: Loading, Error States, Refresh &gt; handles zero values correctly" time="0.037807161">
        </testcase>
        <testcase classname="tests/integration/dashboard-stats.test.tsx" name="Dashboard Stats: Loading, Error States, Refresh &gt; handles large numbers correctly" time="0.035732827">
        </testcase>
    </testsuite>
    <testsuite name="tests/integration/interaction-tracking.test.tsx" timestamp="2026-09-18T22:15:06.920Z" hostname="t42d1" tests="13" failures="0" errors="0" skipped="0" time="0.213700449">
        <testcase classname="tests/integration/interaction-tracking.test.tsx" name="Interaction Tracking: Add Interaction -&gt; View Timeline &gt; renders interaction timeline with entries from API" time="0.073717741">
        </testcase>
        <testcase classname="tests/integration/interaction-tracking.test.tsx" name="Interaction Tracking: Add Interaction -&gt; View Timeline &gt; displays interaction count" time="0.009009439">
        </testcase>
        <testcase classname="tests/integration/interaction-tracking.test.tsx" name="Interaction Tracking: Add Interaction -&gt; View Timeline &gt; displays interaction types" time="0.008475969">
        </testcase>
        <testcase classname="tests/integration/interaction-tracking.test.tsx" name="Interaction Tracking: Add Interaction -&gt; View Timeline &gt; displays interaction notes" time="0.008886004">
        </testcase>
        <testcase classname="tests/integration/interaction-tracking.test.tsx" name="Interaction Tracking: Add Interaction -&gt; View Timeline &gt; displays interaction outcomes" time="0.014846365">
        </testcase>
        <testcase classname="tests/integration/interaction-tracking.test.tsx" name="Interaction Tracking: Add Interaction -&gt; View Timeline &gt; displays formatted dates" time="0.013570462">
        </testcase>
        <testcase classname="tests/integration/interaction-tracking.test.tsx" name="Interaction Tracking: Add Interaction -&gt; View Timeline &gt; renders add interaction form with all fields" time="0.01225083">
        </testcase>
        <testcase classname="tests/integration/interaction-tracking.test.tsx" name="Interaction Tracking: Add Interaction -&gt; View Timeline &gt; interaction type selector shows all options" time="0.004301562">
        </testcase>
        <testcase classname="tests/integration/interaction-tracking.test.tsx" name="Interaction Tracking: Add Interaction -&gt; View Timeline &gt; submitting interaction form calls API" time="0.015870887">
        </testcase>
        <testcase classname="tests/integration/interaction-tracking.test.tsx" name="Interaction Tracking: Add Interaction -&gt; View Timeline &gt; shows submitting state during form submission" time="0.01304606">
        </testcase>
        <testcase classname="tests/integration/interaction-tracking.test.tsx" name="Interaction Tracking: Add Interaction -&gt; View Timeline &gt; handles empty timeline" time="0.005133762">
        </testcase>
        <testcase classname="tests/integration/interaction-tracking.test.tsx" name="Interaction Tracking: Add Interaction -&gt; View Timeline &gt; handles API error when loading timeline" time="0.004484115">
        </testcase>
        <testcase classname="tests/integration/interaction-tracking.test.tsx" name="Interaction Tracking: Add Interaction -&gt; View Timeline &gt; handles all interaction types correctly" time="0.022504454">
        </testcase>
    </testsuite>
    <testsuite name="tests/integration/lead-management.test.tsx" timestamp="2026-09-18T22:15:06.921Z" hostname="t42d1" tests="10" failures="0" errors="0" skipped="0" time="0.246191476">
        <testcase classname="tests/integration/lead-management.test.tsx" name="Lead Management: Create -&gt; View -&gt; Update Status &gt; renders lead list with data from API" time="0.050218424">
        </testcase>
        <testcase classname="tests/integration/lead-management.test.tsx" name="Lead Management: Create -&gt; View -&gt; Update Status &gt; displays lead count from API response" time="0.012565458">
        </testcase>
        <testcase classname="tests/integration/lead-management.test.tsx" name="Lead Management: Create -&gt; View -&gt; Update Status &gt; displays lead status badge" time="0.01442088">
        </testcase>
        <testcase classname="tests/integration/lead-management.test.tsx" name="Lead Management: Create -&gt; View -&gt; Update Status &gt; shows empty state when no leads exist" time="0.027164982">
        </testcase>
        <testcase classname="tests/integration/lead-management.test.tsx" name="Lead Management: Create -&gt; View -&gt; Update Status &gt; renders create lead form" time="0.008699741">
        </testcase>
        <testcase classname="tests/integration/lead-management.test.tsx" name="Lead Management: Create -&gt; View -&gt; Update Status &gt; create lead form calls API on submit" time="0.023554534">
        </testcase>
        <testcase classname="tests/integration/lead-management.test.tsx" name="Lead Management: Create -&gt; View -&gt; Update Status &gt; renders status updater with current status selected" time="0.007581091">
        </testcase>
        <testcase classname="tests/integration/lead-management.test.tsx" name="Lead Management: Create -&gt; View -&gt; Update Status &gt; updating lead status calls API with new status" time="0.063010726">
        </testcase>
        <testcase classname="tests/integration/lead-management.test.tsx" name="Lead Management: Create -&gt; View -&gt; Update Status &gt; handles API error when loading leads" time="0.015583418">
        </testcase>
        <testcase classname="tests/integration/lead-management.test.tsx" name="Lead Management: Create -&gt; View -&gt; Update Status &gt; handles API error when creating lead" time="0.017881993">
        </testcase>
    </testsuite>
    <testsuite name="tests/integration/pages/dashboard-overview.test.tsx" timestamp="2026-09-18T22:15:06.922Z" hostname="t42d1" tests="2" failures="0" errors="0" skipped="0" time="0.486021528">
        <testcase classname="tests/integration/pages/dashboard-overview.test.tsx" name="DashboardPage integration &gt; renders agent overview with dashboard sections" time="0.129922695">
        </testcase>
        <testcase classname="tests/integration/pages/dashboard-overview.test.tsx" name="DashboardPage integration &gt; renders stat cards with data" time="0.331636643">
        </testcase>
    </testsuite>
    <testsuite name="tests/integration/pages/leads-page.test.tsx" timestamp="2026-09-18T22:15:06.923Z" hostname="t42d1" tests="3" failures="0" errors="0" skipped="0" time="0.10564208">
        <testcase classname="tests/integration/pages/leads-page.test.tsx" name="LeadsPage integration &gt; renders leads page heading" time="0.072080883">
        </testcase>
        <testcase classname="tests/integration/pages/leads-page.test.tsx" name="LeadsPage integration &gt; renders view toggle buttons" time="0.010428327">
        </testcase>
        <testcase classname="tests/integration/pages/leads-page.test.tsx" name="LeadsPage integration &gt; renders lead count from API" time="0.017942361">
        </testcase>
    </testsuite>
    <testsuite name="tests/integration/pages/properties-page.test.tsx" timestamp="2026-09-18T22:15:06.923Z" hostname="t42d1" tests="3" failures="0" errors="0" skipped="0" time="0.095546711">
        <testcase classname="tests/integration/pages/properties-page.test.tsx" name="DashboardPropertiesPage integration &gt; renders properties page heading" time="0.070650585">
        </testcase>
        <testcase classname="tests/integration/pages/properties-page.test.tsx" name="DashboardPropertiesPage integration &gt; renders Add Property link" time="0.009601087">
        </testcase>
        <testcase classname="tests/integration/pages/properties-page.test.tsx" name="DashboardPropertiesPage integration &gt; renders property count from API" time="0.01061485">
        </testcase>
    </testsuite>
    <testsuite name="tests/integration/property-listing.test.tsx" timestamp="2026-09-18T22:15:06.924Z" hostname="t42d1" tests="9" failures="0" errors="0" skipped="0" time="0.423882022">
        <testcase classname="tests/integration/property-listing.test.tsx" name="Property Listing: Search -&gt; Filter -&gt; Pagination &gt; renders property listing page with heading" time="0.128377611">
        </testcase>
        <testcase classname="tests/integration/property-listing.test.tsx" name="Property Listing: Search -&gt; Filter -&gt; Pagination &gt; renders property cards from API data" time="0.048188649">
        </testcase>
        <testcase classname="tests/integration/property-listing.test.tsx" name="Property Listing: Search -&gt; Filter -&gt; Pagination &gt; displays property prices correctly" time="0.038581052">
        </testcase>
        <testcase classname="tests/integration/property-listing.test.tsx" name="Property Listing: Search -&gt; Filter -&gt; Pagination &gt; renders pagination when there are multiple pages" time="0.011721199">
        </testcase>
        <testcase classname="tests/integration/property-listing.test.tsx" name="Property Listing: Search -&gt; Filter -&gt; Pagination &gt; shows empty state when no properties match filters" time="0.013823882">
        </testcase>
        <testcase classname="tests/integration/property-listing.test.tsx" name="Property Listing: Search -&gt; Filter -&gt; Pagination &gt; handles filter changes trigger new API calls" time="0.035745407">
        </testcase>
        <testcase classname="tests/integration/property-listing.test.tsx" name="Property Listing: Search -&gt; Filter -&gt; Pagination &gt; displays property status badges" time="0.100444169">
        </testcase>
        <testcase classname="tests/integration/property-listing.test.tsx" name="Property Listing: Search -&gt; Filter -&gt; Pagination &gt; renders property details (beds, baths, area)" time="0.031731154">
        </testcase>
        <testcase classname="tests/integration/property-listing.test.tsx" name="Property Listing: Search -&gt; Filter -&gt; Pagination &gt; handles server error gracefully" time="0.008909603">
        </testcase>
    </testsuite>
    <testsuite name="tests/performance/bundle-size.test.ts" timestamp="2026-09-18T22:15:06.925Z" hostname="t42d1" tests="4" failures="0" errors="0" skipped="0" time="0.005077884">
        <testcase classname="tests/performance/bundle-size.test.ts" name="Bundle Size Regression &gt; Build Output Validation &gt; should have .next build directory or be skipped gracefully" time="0.00108616">
        </testcase>
        <testcase classname="tests/performance/bundle-size.test.ts" name="Bundle Size Regression &gt; Build Output Validation &gt; should have reasonable top-level file sizes if built" time="0.00056397">
        </testcase>
        <testcase classname="tests/performance/bundle-size.test.ts" name="Bundle Size Regression &gt; Bundle Analysis Reference &gt; should document bundle analysis commands" time="0.000193423">
        </testcase>
        <testcase classname="tests/performance/bundle-size.test.ts" name="Bundle Size Regression &gt; Bundle Analysis Reference &gt; should document size optimization strategies" time="0.000115726">
        </testcase>
    </testsuite>
    <testsuite name="tests/performance/lighthouse.test.ts" timestamp="2026-09-18T22:15:06.925Z" hostname="t42d1" tests="3" failures="0" errors="0" skipped="3" time="0">
        <testcase classname="tests/performance/lighthouse.test.ts" name="Lighthouse CI Performance Audits &gt; Lighthouse CI is not installed - skipping performance audits" time="0">
            <skipped/>
        </testcase>
        <testcase classname="tests/performance/lighthouse.test.ts" name="Lighthouse CI Performance Audits &gt; Install @lhci/cli to enable: npm install -D @lhci/cli" time="0">
            <skipped/>
        </testcase>
        <testcase classname="tests/performance/lighthouse.test.ts" name="Lighthouse CI Performance Audits &gt; Configure lighthouserc.js for your CI environment" time="0">
            <skipped/>
        </testcase>
    </testsuite>
    <testsuite name="tests/performance/web-vitals.test.ts" timestamp="2026-09-18T22:15:06.926Z" hostname="t42d1" tests="19" failures="0" errors="0" skipped="0" time="0.016394488">
        <testcase classname="tests/performance/web-vitals.test.ts" name="Web Vitals: Core Metrics &gt; LCP (Largest Contentful Paint) &gt; should be under 2.5s for good rating" time="0.001763395">
        </testcase>
        <testcase classname="tests/performance/web-vitals.test.ts" name="Web Vitals: Core Metrics &gt; LCP (Largest Contentful Paint) &gt; should classify LCP rating correctly" time="0.000624397">
        </testcase>
        <testcase classname="tests/performance/web-vitals.test.ts" name="Web Vitals: Core Metrics &gt; LCP (Largest Contentful Paint) &gt; should warn when LCP exceeds poor threshold" time="0.000430624">
        </testcase>
        <testcase classname="tests/performance/web-vitals.test.ts" name="Web Vitals: Core Metrics &gt; CLS (Cumulative Layout Shift) &gt; should be under 0.1 for good rating" time="0.000294259">
        </testcase>
        <testcase classname="tests/performance/web-vitals.test.ts" name="Web Vitals: Core Metrics &gt; CLS (Cumulative Layout Shift) &gt; should classify CLS rating correctly" time="0.000426985">
        </testcase>
        <testcase classname="tests/performance/web-vitals.test.ts" name="Web Vitals: Core Metrics &gt; CLS (Cumulative Layout Shift) &gt; should detect layout shift from dynamic content" time="0.000399196">
        </testcase>
        <testcase classname="tests/performance/web-vitals.test.ts" name="Web Vitals: Core Metrics &gt; CLS (Cumulative Layout Shift) &gt; should track CLS across page lifecycle" time="0.000323688">
        </testcase>
        <testcase classname="tests/performance/web-vitals.test.ts" name="Web Vitals: Core Metrics &gt; FID (First Input Delay) &gt; should be under 100ms for good rating" time="0.000318448">
        </testcase>
        <testcase classname="tests/performance/web-vitals.test.ts" name="Web Vitals: Core Metrics &gt; FID (First Input Delay) &gt; should classify FID rating correctly" time="0.000357046">
        </testcase>
        <testcase classname="tests/performance/web-vitals.test.ts" name="Web Vitals: Core Metrics &gt; INP (Interaction to Next Paint) &gt; should be under 200ms for good rating" time="0.000304299">
        </testcase>
        <testcase classname="tests/performance/web-vitals.test.ts" name="Web Vitals: Core Metrics &gt; INP (Interaction to Next Paint) &gt; should classify INP rating correctly" time="0.00027121">
        </testcase>
        <testcase classname="tests/performance/web-vitals.test.ts" name="Web Vitals: Core Metrics &gt; TTFB (Time to First Byte) &gt; should be under 800ms for good rating" time="0.000216492">
        </testcase>
        <testcase classname="tests/performance/web-vitals.test.ts" name="Web Vitals: Core Metrics &gt; TTFB (Time to First Byte) &gt; should classify TTFB rating correctly" time="0.000234742">
        </testcase>
        <testcase classname="tests/performance/web-vitals.test.ts" name="Web Vitals: Performance Budgets &gt; should meet all Core Web Vitals thresholds" time="0.000864249">
        </testcase>
        <testcase classname="tests/performance/web-vitals.test.ts" name="Web Vitals: Performance Budgets &gt; should have at least 3 vitals rated as good" time="0.000173984">
        </testcase>
        <testcase classname="tests/performance/web-vitals.test.ts" name="Web Vitals: Performance Monitoring Setup &gt; should have performance monitoring infrastructure" time="0.000253211">
        </testcase>
        <testcase classname="tests/performance/web-vitals.test.ts" name="Web Vitals: Performance Monitoring Setup &gt; should be able to measure component render time" time="0.000326238">
        </testcase>
        <testcase classname="tests/performance/web-vitals.test.ts" name="Web Vitals: Performance Monitoring Setup &gt; should support PerformanceObserver" time="0.000199243">
        </testcase>
        <testcase classname="tests/performance/web-vitals.test.ts" name="Web Vitals: Performance Monitoring Setup &gt; should support performance marks and measures" time="0.000769242">
        </testcase>
    </testsuite>
    <testsuite name="tests/security/api-security.test.ts" timestamp="2026-09-18T22:15:06.928Z" hostname="t42d1" tests="19" failures="0" errors="0" skipped="0" time="0.086638578">
        <testcase classname="tests/security/api-security.test.ts" name="API Security: Authentication &gt; requests without token receive 401" time="0.033574107">
        </testcase>
        <testcase classname="tests/security/api-security.test.ts" name="API Security: Authentication &gt; requests with valid token succeed" time="0.007370799">
        </testcase>
        <testcase classname="tests/security/api-security.test.ts" name="API Security: Authentication &gt; token is sent as Bearer token" time="0.000377517">
        </testcase>
        <testcase classname="tests/security/api-security.test.ts" name="API Security: Authentication &gt; clearing token removes Authorization header" time="0.000313658">
        </testcase>
        <testcase classname="tests/security/api-security.test.ts" name="API Security: Error Handling &gt; does not expose stack traces to client" time="0.007838462">
        </testcase>
        <testcase classname="tests/security/api-security.test.ts" name="API Security: Error Handling &gt; handles network errors gracefully" time="0.00463521">
        </testcase>
        <testcase classname="tests/security/api-security.test.ts" name="API Security: Request Validation &gt; sends JSON content type for POST requests" time="0.005804657">
        </testcase>
        <testcase classname="tests/security/api-security.test.ts" name="API Security: Request Validation &gt; does not send credentials cross-origin by default" time="0.000251541">
        </testcase>
        <testcase classname="tests/security/api-security.test.ts" name="API Security: Timeout Protection &gt; has timeout configured" time="0.000363447">
        </testcase>
        <testcase classname="tests/security/api-security.test.ts" name="API Security: Timeout Protection &gt; rejects requests that exceed timeout" time="0.000262401">
        </testcase>
        <testcase classname="tests/security/api-security.test.ts" name="API Security: URL Validation &gt; baseURL is configured" time="0.000245071">
        </testcase>
        <testcase classname="tests/security/api-security.test.ts" name="API Security: URL Validation &gt; does not allow arbitrary URL override" time="0.00461186">
        </testcase>
        <testcase classname="tests/security/api-security.test.ts" name="API Security: URL Validation &gt; prevents SSRF via URL parameters" time="0.000227161">
        </testcase>
        <testcase classname="tests/security/api-security.test.ts" name="API Security: Response Validation &gt; handles malformed JSON responses" time="0.004719527">
        </testcase>
        <testcase classname="tests/security/api-security.test.ts" name="API Security: Response Validation &gt; handles empty responses" time="0.004117189">
        </testcase>
        <testcase classname="tests/security/api-security.test.ts" name="API Security: Rate Limiting Awareness &gt; handles 429 Too Many Requests" time="0.004817083">
        </testcase>
        <testcase classname="tests/security/api-security.test.ts" name="API Security: Sensitive Data Handling &gt; does not log request bodies with sensitive data" time="0.0002619">
        </testcase>
        <testcase classname="tests/security/api-security.test.ts" name="API Security: Injection Prevention &gt; URL parameters are properly encoded" time="0.000366256">
        </testcase>
        <testcase classname="tests/security/api-security.test.ts" name="API Security: Injection Prevention &gt; path parameters are encoded" time="0.000293779">
        </testcase>
    </testsuite>
    <testsuite name="tests/security/auth.test.tsx" timestamp="2026-09-18T22:15:06.929Z" hostname="t42d1" tests="15" failures="0" errors="0" skipped="0" time="0.108094549">
        <testcase classname="tests/security/auth.test.tsx" name="Auth Security: Token Handling &gt; setAuthToken sets Bearer token in headers" time="0.010506994">
        </testcase>
        <testcase classname="tests/security/auth.test.tsx" name="Auth Security: Token Handling &gt; setAuthToken clears token when null is passed" time="0.000897717">
        </testcase>
        <testcase classname="tests/security/auth.test.tsx" name="Auth Security: Token Handling &gt; tokens should not be stored in localStorage" time="0.001223255">
        </testcase>
        <testcase classname="tests/security/auth.test.tsx" name="Auth Security: Token Handling &gt; tokens should not be stored in sessionStorage" time="0.000477903">
        </testcase>
        <testcase classname="tests/security/auth.test.tsx" name="Auth Security: RoleGuard Component &gt; renders nothing while auth is loading" time="0.028139357">
        </testcase>
        <testcase classname="tests/security/auth.test.tsx" name="Auth Security: RoleGuard Component &gt; renders nothing when user is not authenticated" time="0.004885671">
        </testcase>
        <testcase classname="tests/security/auth.test.tsx" name="Auth Security: RoleGuard Component &gt; renders fallback when user role is not allowed" time="0.011945541">
        </testcase>
        <testcase classname="tests/security/auth.test.tsx" name="Auth Security: RoleGuard Component &gt; renders children when user role is allowed" time="0.023644462">
        </testcase>
        <testcase classname="tests/security/auth.test.tsx" name="Auth Security: RoleGuard Component &gt; supports multiple allowed roles" time="0.009133104">
        </testcase>
        <testcase classname="tests/security/auth.test.tsx" name="Auth Security: Session Handling &gt; API client does not expose tokens in error messages" time="0.000660396">
        </testcase>
        <testcase classname="tests/security/auth.test.tsx" name="Auth Security: CSRF Protection &gt; API requests include credentials for same-origin" time="0.000192963">
        </testcase>
        <testcase classname="tests/security/auth.test.tsx" name="Auth Security: CSRF Protection &gt; forms should have proper action attributes" time="0.009206532">
        </testcase>
        <testcase classname="tests/security/auth.test.tsx" name="Auth Security: Privilege Escalation Prevention &gt; role check is performed server-side (documented behavior)" time="0.0005509">
        </testcase>
        <testcase classname="tests/security/auth.test.tsx" name="Auth Security: Privilege Escalation Prevention &gt; user cannot modify their own role via API client" time="0.000322098">
        </testcase>
        <testcase classname="tests/security/auth.test.tsx" name="Auth Security: Logout Behavior &gt; logout should clear all auth state" time="0.000232991">
        </testcase>
    </testsuite>
    <testsuite name="tests/security/headers.test.ts" timestamp="2026-09-18T22:15:06.931Z" hostname="t42d1" tests="10" failures="0" errors="0" skipped="0" time="0.022670098">
        <testcase classname="tests/security/headers.test.ts" name="Security Headers: Next.js Configuration &gt; next.config file exists" time="0.004815273">
        </testcase>
        <testcase classname="tests/security/headers.test.ts" name="Security Headers: Next.js Configuration &gt; documents recommended security headers" time="0.001882431">
            <system-out>

📋 Recommended Security Headers for next.config.js:


async headers() {
  return [
    {
      source: &apos;/:path*&apos;,
      headers: [
        { key: &apos;X-DNS-Prefetch-Control&apos;, value: &apos;on&apos; }, // Improves performance while being safe
        { key: &apos;Strict-Transport-Security&apos;, value: &apos;max-age=63072000; includeSubDomains; preload&apos; }, // Enforces HTTPS
        { key: &apos;X-Content-Type-Options&apos;, value: &apos;nosniff&apos; }, // Prevents MIME type sniffing
        { key: &apos;X-Frame-Options&apos;, value: &apos;DENY&apos; }, // Prevents clickjacking
        { key: &apos;X-XSS-Protection&apos;, value: &apos;1; mode=block&apos; }, // Legacy XSS protection (modern browsers use CSP)
        { key: &apos;Referrer-Policy&apos;, value: &apos;strict-origin-when-cross-origin&apos; }, // Controls referrer information
        { key: &apos;Permissions-Policy&apos;, value: &apos;camera=(), microphone=(), geolocation=()&apos; }, // Restricts browser features
      ],
    },
  ];
}


            </system-out>
        </testcase>
        <testcase classname="tests/security/headers.test.ts" name="Security Headers: Content Security Policy &gt; documents recommended CSP directives" time="0.004710257">
            <system-out>

📋 Recommended CSP Header:

Content-Security-Policy: default-src &apos;self&apos;; script-src &apos;self&apos; &apos;unsafe-inline&apos; &apos;unsafe-eval&apos;; style-src &apos;self&apos; &apos;unsafe-inline&apos;; img-src &apos;self&apos; data: https:; font-src &apos;self&apos;; connect-src &apos;self&apos; https://api.clerk.dev https://*.clerk.accounts.dev; frame-ancestors &apos;none&apos;; form-action &apos;self&apos;; base-uri &apos;self&apos;; object-src &apos;none&apos;

            </system-out>
        </testcase>
        <testcase classname="tests/security/headers.test.ts" name="Security Headers: Content Security Policy &gt; CSP should block inline scripts in production" time="0.000421464">
        </testcase>
        <testcase classname="tests/security/headers.test.ts" name="Security Headers: CORS Configuration &gt; documents CORS best practices" time="0.000293449">
        </testcase>
        <testcase classname="tests/security/headers.test.ts" name="Security Headers: Cookie Configuration &gt; documents secure cookie attributes" time="0.00026854">
        </testcase>
        <testcase classname="tests/security/headers.test.ts" name="Security Headers: Cookie Configuration &gt; session cookies should have appropriate settings" time="0.000403265">
        </testcase>
        <testcase classname="tests/security/headers.test.ts" name="Security: Environment Variables &gt; sensitive env vars should not be exposed to client" time="0.003815159">
        </testcase>
        <testcase classname="tests/security/headers.test.ts" name="Security: Middleware Configuration &gt; middleware file exists or is not required" time="0.000481772">
            <system-out>
ℹ️ No middleware.ts found. Consider adding one for auth protection.

            </system-out>
        </testcase>
        <testcase classname="tests/security/headers.test.ts" name="Security: Middleware Configuration &gt; documents recommended middleware patterns" time="0.000404195">
            <system-out>

📋 Recommended middleware.ts:


import { clerkMiddleware, createRouteMatcher } from &apos;@clerk/nextjs/server&apos;;

const isProtectedRoute = createRouteMatcher([&apos;/dashboard(.*)&apos;]);

export default clerkMiddleware((auth, req) =&gt; {
  if (isProtectedRoute(req)) {
    auth().protect();
  }
});

export const config = {
  matcher: [&apos;/((?!.*\\..*|_next).*)&apos;, &apos;/&apos;, &apos;/(api|trpc)(.*)&apos;],
};


            </system-out>
        </testcase>
    </testsuite>
    <testsuite name="tests/security/input-validation.test.tsx" timestamp="2026-09-18T22:15:06.933Z" hostname="t42d1" tests="16" failures="0" errors="0" skipped="0" time="0.124940401">
        <testcase classname="tests/security/input-validation.test.tsx" name="Input Validation: Search Components &gt; PropertySearchBar accepts and displays injection payloads as plain text" time="0.051249737">
        </testcase>
        <testcase classname="tests/security/input-validation.test.tsx" name="Input Validation: Search Components &gt; handles boundary values gracefully" time="0.012212622">
        </testcase>
        <testcase classname="tests/security/input-validation.test.tsx" name="Input Validation: Search Components &gt; handles very long input without crashing" time="0.007396848">
        </testcase>
        <testcase classname="tests/security/input-validation.test.tsx" name="Input Validation: Form Fields &gt; email input validates format" time="0.007371309">
        </testcase>
        <testcase classname="tests/security/input-validation.test.tsx" name="Input Validation: Form Fields &gt; number input rejects non-numeric values" time="0.005609434">
        </testcase>
        <testcase classname="tests/security/input-validation.test.tsx" name="Input Validation: Form Fields &gt; number input respects min/max constraints" time="0.003775071">
        </testcase>
        <testcase classname="tests/security/input-validation.test.tsx" name="Input Validation: Form Fields &gt; URL input validates format" time="0.003903627">
        </testcase>
        <testcase classname="tests/security/input-validation.test.tsx" name="Input Validation: Form Fields &gt; tel input accepts phone number formats" time="0.004416328">
        </testcase>
        <testcase classname="tests/security/input-validation.test.tsx" name="Input Validation: Textarea Fields &gt; textarea handles multiline injection attempts" time="0.004842462">
        </testcase>
        <testcase classname="tests/security/input-validation.test.tsx" name="Input Validation: Textarea Fields &gt; textarea respects maxLength" time="0.003438154">
        </testcase>
        <testcase classname="tests/security/input-validation.test.tsx" name="Input Validation: Select Fields &gt; select only accepts predefined values" time="0.0049016">
        </testcase>
        <testcase classname="tests/security/input-validation.test.tsx" name="Input Validation: File Uploads &gt; file input respects accept attribute" time="0.002762328">
        </testcase>
        <testcase classname="tests/security/input-validation.test.tsx" name="Input Validation: File Uploads &gt; file input can have size limits documented" time="0.001683798">
        </testcase>
        <testcase classname="tests/security/input-validation.test.tsx" name="Input Validation: Hidden Fields &gt; hidden fields should not contain sensitive data in DOM" time="0.003635507">
        </testcase>
        <testcase classname="tests/security/input-validation.test.tsx" name="Input Validation: Prototype Pollution Prevention &gt; form data parsing should not allow prototype pollution" time="0.000701704">
        </testcase>
        <testcase classname="tests/security/input-validation.test.tsx" name="Input Validation: ReDoS Prevention &gt; regex patterns should not be vulnerable to ReDoS" time="0.000345257">
        </testcase>
    </testsuite>
    <testsuite name="tests/security/xss.test.tsx" timestamp="2026-09-18T22:15:06.934Z" hostname="t42d1" tests="12" failures="0" errors="0" skipped="0" time="0.834888449">
        <testcase classname="tests/security/xss.test.tsx" name="XSS Prevention: Search Components &gt; PropertySearchBar escapes malicious input in display" time="0.555589212">
        </testcase>
        <testcase classname="tests/security/xss.test.tsx" name="XSS Prevention: Search Components &gt; search input does not allow javascript: protocol in value" time="0.196252788">
        </testcase>
        <testcase classname="tests/security/xss.test.tsx" name="XSS Prevention: Content Display Components &gt; EmptyState escapes HTML in custom title" time="0.039360603">
        </testcase>
        <testcase classname="tests/security/xss.test.tsx" name="XSS Prevention: Content Display Components &gt; EmptyState escapes HTML in custom message" time="0.006072647">
        </testcase>
        <testcase classname="tests/security/xss.test.tsx" name="XSS Prevention: Content Display Components &gt; ErrorState escapes HTML in error message" time="0.011272065">
        </testcase>
        <testcase classname="tests/security/xss.test.tsx" name="XSS Prevention: URL Handling &gt; does not render javascript: URLs as clickable links" time="0.004374149">
        </testcase>
        <testcase classname="tests/security/xss.test.tsx" name="XSS Prevention: URL Handling &gt; does not render data: URLs with scripts" time="0.003745312">
        </testcase>
        <testcase classname="tests/security/xss.test.tsx" name="XSS Prevention: DOM Injection &gt; React escapes HTML entities by default" time="0.003087777">
        </testcase>
        <testcase classname="tests/security/xss.test.tsx" name="XSS Prevention: DOM Injection &gt; innerHTML is not used directly (codebase audit)" time="0.003170973">
        </testcase>
        <testcase classname="tests/security/xss.test.tsx" name="XSS Prevention: Event Handler Injection &gt; event handlers cannot be injected via props" time="0.005046605">
            <system-err>
Expected `onClick` listener to be a function, instead got a value of `string` type.
Expected `onMouseOver` listener to be a function, instead got a value of `string` type.

            </system-err>
        </testcase>
        <testcase classname="tests/security/xss.test.tsx" name="XSS Prevention: JSON Injection &gt; JSON.parse handles malicious payloads safely" time="0.000437804">
        </testcase>
        <testcase classname="tests/security/xss.test.tsx" name="XSS Prevention: JSON Injection &gt; JSON.stringify escapes HTML in output" time="0.000414315">
        </testcase>
    </testsuite>
    <testsuite name="tests/unit/components/ai/ai-copy-generator.test.tsx" timestamp="2026-09-18T22:15:06.935Z" hostname="t42d1" tests="8" failures="0" errors="0" skipped="0" time="0.328265906">
        <testcase classname="tests/unit/components/ai/ai-copy-generator.test.tsx" name="AiCopyGenerator &gt; renders the component" time="0.038860602">
        </testcase>
        <testcase classname="tests/unit/components/ai/ai-copy-generator.test.tsx" name="AiCopyGenerator &gt; has a tone selector" time="0.137225277">
        </testcase>
        <testcase classname="tests/unit/components/ai/ai-copy-generator.test.tsx" name="AiCopyGenerator &gt; has a generate button" time="0.024121854">
        </testcase>
        <testcase classname="tests/unit/components/ai/ai-copy-generator.test.tsx" name="AiCopyGenerator &gt; shows loading state while generating" time="0.027937533">
        </testcase>
        <testcase classname="tests/unit/components/ai/ai-copy-generator.test.tsx" name="AiCopyGenerator &gt; displays generated copy after success" time="0.037571849">
        </testcase>
        <testcase classname="tests/unit/components/ai/ai-copy-generator.test.tsx" name="AiCopyGenerator &gt; shows error state on failure" time="0.022569541">
        </testcase>
        <testcase classname="tests/unit/components/ai/ai-copy-generator.test.tsx" name="AiCopyGenerator &gt; calls API with correct propertyId and tone" time="0.016802522">
        </testcase>
        <testcase classname="tests/unit/components/ai/ai-copy-generator.test.tsx" name="AiCopyGenerator &gt; displays highlights when provided" time="0.017903772">
        </testcase>
    </testsuite>
    <testsuite name="tests/unit/components/ai/ai-matcher.test.tsx" timestamp="2026-09-18T22:15:06.936Z" hostname="t42d1" tests="9" failures="0" errors="0" skipped="0" time="0.223384313">
        <testcase classname="tests/unit/components/ai/ai-matcher.test.tsx" name="AiMatchPanel &gt; renders the match button initially" time="0.038529855">
        </testcase>
        <testcase classname="tests/unit/components/ai/ai-matcher.test.tsx" name="AiMatchPanel &gt; shows loading state after clicking match" time="0.021631855">
        </testcase>
        <testcase classname="tests/unit/components/ai/ai-matcher.test.tsx" name="AiMatchPanel &gt; displays match results after successful fetch" time="0.031075668">
        </testcase>
        <testcase classname="tests/unit/components/ai/ai-matcher.test.tsx" name="AiMatchPanel &gt; displays match scores with correct color coding" time="0.027606236">
        </testcase>
        <testcase classname="tests/unit/components/ai/ai-matcher.test.tsx" name="AiMatchPanel &gt; shows &apos;No matching properties found&apos; when results are empty" time="0.021617416">
        </testcase>
        <testcase classname="tests/unit/components/ai/ai-matcher.test.tsx" name="AiMatchPanel &gt; shows error state on failure" time="0.016022691">
        </testcase>
        <testcase classname="tests/unit/components/ai/ai-matcher.test.tsx" name="AiMatchPanel &gt; shows retry button on error" time="0.026308953">
        </testcase>
        <testcase classname="tests/unit/components/ai/ai-matcher.test.tsx" name="AiMatchPanel &gt; calls the API with the correct leadId" time="0.013156037">
        </testcase>
        <testcase classname="tests/unit/components/ai/ai-matcher.test.tsx" name="AiMatchPanel &gt; shows refresh button after results load" time="0.022147887">
        </testcase>
    </testsuite>
    <testsuite name="tests/unit/components/charts/conversion-chart.test.tsx" timestamp="2026-09-18T22:15:06.937Z" hostname="t42d1" tests="5" failures="0" errors="0" skipped="0" time="0.109580375">
        <testcase classname="tests/unit/components/charts/conversion-chart.test.tsx" name="BarChart (conversion chart) &gt; renders without crashing" time="0.056869951">
        </testcase>
        <testcase classname="tests/unit/components/charts/conversion-chart.test.tsx" name="BarChart (conversion chart) &gt; accepts custom color prop" time="0.011765168">
        </testcase>
        <testcase classname="tests/unit/components/charts/conversion-chart.test.tsx" name="BarChart (conversion chart) &gt; handles empty data array" time="0.01197243">
        </testcase>
        <testcase classname="tests/unit/components/charts/conversion-chart.test.tsx" name="BarChart (conversion chart) &gt; handles single data point" time="0.008681051">
        </testcase>
        <testcase classname="tests/unit/components/charts/conversion-chart.test.tsx" name="BarChart (conversion chart) &gt; handles large values" time="0.014575625">
        </testcase>
    </testsuite>
    <testsuite name="tests/unit/components/common/empty-state.test.tsx" timestamp="2026-09-18T22:15:06.937Z" hostname="t42d1" tests="3" failures="0" errors="0" skipped="0" time="0.215100259">
        <testcase classname="tests/unit/components/common/empty-state.test.tsx" name="EmptyState &gt; renders default title and message" time="0.048143642">
        </testcase>
        <testcase classname="tests/unit/components/common/empty-state.test.tsx" name="EmptyState &gt; renders custom title and message" time="0.008900433">
        </testcase>
        <testcase classname="tests/unit/components/common/empty-state.test.tsx" name="EmptyState &gt; renders action element" time="0.141985755">
        </testcase>
    </testsuite>
    <testsuite name="tests/unit/components/common/error-state.test.tsx" timestamp="2026-09-18T22:15:06.938Z" hostname="t42d1" tests="4" failures="0" errors="0" skipped="0" time="0.242313778">
        <testcase classname="tests/unit/components/common/error-state.test.tsx" name="ErrorState &gt; renders default message" time="0.036592376">
        </testcase>
        <testcase classname="tests/unit/components/common/error-state.test.tsx" name="ErrorState &gt; renders custom message" time="0.007398508">
        </testcase>
        <testcase classname="tests/unit/components/common/error-state.test.tsx" name="ErrorState &gt; renders retry button when onRetry is provided" time="0.186403313">
        </testcase>
        <testcase classname="tests/unit/components/common/error-state.test.tsx" name="ErrorState &gt; does not render retry button without onRetry" time="0.006040828">
        </testcase>
    </testsuite>
    <testsuite name="tests/unit/components/common/pagination.test.tsx" timestamp="2026-09-18T22:15:06.938Z" hostname="t42d1" tests="5" failures="0" errors="0" skipped="0" time="0.329225644">
        <testcase classname="tests/unit/components/common/pagination.test.tsx" name="Pagination &gt; renders page numbers" time="0.06615875">
        </testcase>
        <testcase classname="tests/unit/components/common/pagination.test.tsx" name="Pagination &gt; returns null when totalPages &lt;= 1" time="0.006683334">
        </testcase>
        <testcase classname="tests/unit/components/common/pagination.test.tsx" name="Pagination &gt; disables previous button on first page" time="0.209699106">
        </testcase>
        <testcase classname="tests/unit/components/common/pagination.test.tsx" name="Pagination &gt; disables next button on last page" time="0.024260298">
        </testcase>
        <testcase classname="tests/unit/components/common/pagination.test.tsx" name="Pagination &gt; calls onPageChange when clicking a visible page number" time="0.011215188">
        </testcase>
    </testsuite>
    <testsuite name="tests/unit/components/dashboard/stat-card.test.tsx" timestamp="2026-09-18T22:15:06.939Z" hostname="t42d1" tests="4" failures="0" errors="0" skipped="0" time="0.094541148">
        <testcase classname="tests/unit/components/dashboard/stat-card.test.tsx" name="StatCard &gt; renders title and value" time="0.048783878">
        </testcase>
        <testcase classname="tests/unit/components/dashboard/stat-card.test.tsx" name="StatCard &gt; renders description when provided" time="0.010498095">
        </testcase>
        <testcase classname="tests/unit/components/dashboard/stat-card.test.tsx" name="StatCard &gt; renders positive trend" time="0.018873237">
        </testcase>
        <testcase classname="tests/unit/components/dashboard/stat-card.test.tsx" name="StatCard &gt; renders negative trend" time="0.010689828">
        </testcase>
    </testsuite>
    <testsuite name="tests/unit/components/forms/lead-form.test.tsx" timestamp="2026-09-18T22:15:06.939Z" hostname="t42d1" tests="11" failures="0" errors="0" skipped="0" time="0.799539418">
        <testcase classname="tests/unit/components/forms/lead-form.test.tsx" name="LeadForm &gt; renders all required fields" time="0.098159383">
        </testcase>
        <testcase classname="tests/unit/components/forms/lead-form.test.tsx" name="LeadForm &gt; renders optional fields" time="0.022974055">
        </testcase>
        <testcase classname="tests/unit/components/forms/lead-form.test.tsx" name="LeadForm &gt; renders a submit button" time="0.125085833">
        </testcase>
        <testcase classname="tests/unit/components/forms/lead-form.test.tsx" name="LeadForm &gt; shows validation error for empty name" time="0.158417889">
        </testcase>
        <testcase classname="tests/unit/components/forms/lead-form.test.tsx" name="LeadForm &gt; shows validation error for invalid email" time="0.116040486">
        </testcase>
        <testcase classname="tests/unit/components/forms/lead-form.test.tsx" name="LeadForm &gt; shows validation error for negative budget" time="0.057532856">
        </testcase>
        <testcase classname="tests/unit/components/forms/lead-form.test.tsx" name="LeadForm &gt; calls onSubmit with valid data" time="0.05824069">
        </testcase>
        <testcase classname="tests/unit/components/forms/lead-form.test.tsx" name="LeadForm &gt; submits with only required fields" time="0.061380975">
        </testcase>
        <testcase classname="tests/unit/components/forms/lead-form.test.tsx" name="LeadForm &gt; displays loading state during submission" time="0.055410214">
            <system-err>
An update to LeadForm inside a test was not wrapped in act(...).

When testing, code that causes React state updates should be wrapped into act(...):

act(() =&gt; {
  /* fire events that update state */
});
/* assert on the output */

This ensures that you&apos;re testing the behavior the user would see in the browser. Learn more at https://react.dev/link/wrap-tests-with-act

            </system-err>
        </testcase>
        <testcase classname="tests/unit/components/forms/lead-form.test.tsx" name="LeadForm &gt; has a status selector" time="0.022166545">
        </testcase>
        <testcase classname="tests/unit/components/forms/lead-form.test.tsx" name="LeadForm &gt; has a source selector" time="0.015872097">
        </testcase>
    </testsuite>
    <testsuite name="tests/unit/components/forms/property-form.test.tsx" timestamp="2026-09-18T22:15:06.941Z" hostname="t42d1" tests="8" failures="0" errors="0" skipped="0" time="0.818733064">
        <testcase classname="tests/unit/components/forms/property-form.test.tsx" name="PropertyForm &gt; renders all required fields" time="0.103179238">
        </testcase>
        <testcase classname="tests/unit/components/forms/property-form.test.tsx" name="PropertyForm &gt; renders a submit button" time="0.12542649">
        </testcase>
        <testcase classname="tests/unit/components/forms/property-form.test.tsx" name="PropertyForm &gt; shows validation errors for empty required fields" time="0.111525592">
        </testcase>
        <testcase classname="tests/unit/components/forms/property-form.test.tsx" name="PropertyForm &gt; shows validation error for short description" time="0.118472037">
        </testcase>
        <testcase classname="tests/unit/components/forms/property-form.test.tsx" name="PropertyForm &gt; shows validation error for negative price" time="0.124684678">
        </testcase>
        <testcase classname="tests/unit/components/forms/property-form.test.tsx" name="PropertyForm &gt; calls onSubmit with valid data" time="0.081318211">
        </testcase>
        <testcase classname="tests/unit/components/forms/property-form.test.tsx" name="PropertyForm &gt; has a property type selector with options" time="0.048749969">
        </testcase>
        <testcase classname="tests/unit/components/forms/property-form.test.tsx" name="PropertyForm &gt; displays loading state during submission" time="0.099980706">
            <system-err>
An update to PropertyForm inside a test was not wrapped in act(...).

When testing, code that causes React state updates should be wrapped into act(...):

act(() =&gt; {
  /* fire events that update state */
});
/* assert on the output */

This ensures that you&apos;re testing the behavior the user would see in the browser. Learn more at https://react.dev/link/wrap-tests-with-act

            </system-err>
        </testcase>
    </testsuite>
    <testsuite name="tests/unit/components/interactions/interaction-timeline.test.tsx" timestamp="2026-09-18T22:15:06.942Z" hostname="t42d1" tests="9" failures="0" errors="0" skipped="0" time="0.245878479">
        <testcase classname="tests/unit/components/interactions/interaction-timeline.test.tsx" name="InteractionTimeline &gt; renders a list of interactions" time="0.135906848">
        </testcase>
        <testcase classname="tests/unit/components/interactions/interaction-timeline.test.tsx" name="InteractionTimeline &gt; shows loading state" time="0.003164443">
        </testcase>
        <testcase classname="tests/unit/components/interactions/interaction-timeline.test.tsx" name="InteractionTimeline &gt; shows empty state when no interactions" time="0.005276577">
        </testcase>
        <testcase classname="tests/unit/components/interactions/interaction-timeline.test.tsx" name="InteractionTimeline &gt; displays interaction types" time="0.035044753">
        </testcase>
        <testcase classname="tests/unit/components/interactions/interaction-timeline.test.tsx" name="InteractionTimeline &gt; displays formatted dates" time="0.009906386">
        </testcase>
        <testcase classname="tests/unit/components/interactions/interaction-timeline.test.tsx" name="InteractionTimeline &gt; displays outcome badges" time="0.015542449">
        </testcase>
        <testcase classname="tests/unit/components/interactions/interaction-timeline.test.tsx" name="InteractionTimeline &gt; renders in chronological order (newest first)" time="0.009349467">
        </testcase>
        <testcase classname="tests/unit/components/interactions/interaction-timeline.test.tsx" name="InteractionTimeline &gt; shows error state on fetch failure" time="0.002896834">
        </testcase>
        <testcase classname="tests/unit/components/interactions/interaction-timeline.test.tsx" name="InteractionTimeline &gt; filters interactions by leadId" time="0.008548996">
        </testcase>
    </testsuite>
    <testsuite name="tests/unit/components/landing/hero-section.test.tsx" timestamp="2026-09-18T22:15:06.943Z" hostname="t42d1" tests="9" failures="0" errors="0" skipped="0" time="0.407273493">
        <testcase classname="tests/unit/components/landing/hero-section.test.tsx" name="Hero (landing section) &gt; renders the main heading" time="0.136969566">
        </testcase>
        <testcase classname="tests/unit/components/landing/hero-section.test.tsx" name="Hero (landing section) &gt; renders the gradient subtitle" time="0.039052535">
        </testcase>
        <testcase classname="tests/unit/components/landing/hero-section.test.tsx" name="Hero (landing section) &gt; renders the description text" time="0.033213339">
        </testcase>
        <testcase classname="tests/unit/components/landing/hero-section.test.tsx" name="Hero (landing section) &gt; renders the &apos;Start free&apos; CTA link" time="0.035800474">
        </testcase>
        <testcase classname="tests/unit/components/landing/hero-section.test.tsx" name="Hero (landing section) &gt; renders the &apos;Explore properties&apos; link" time="0.033057725">
        </testcase>
        <testcase classname="tests/unit/components/landing/hero-section.test.tsx" name="Hero (landing section) &gt; renders the AI badge" time="0.032497195">
        </testcase>
        <testcase classname="tests/unit/components/landing/hero-section.test.tsx" name="Hero (landing section) &gt; renders the product demo tabs" time="0.04926822">
        </testcase>
        <testcase classname="tests/unit/components/landing/hero-section.test.tsx" name="Hero (landing section) &gt; renders the first slide property title" time="0.021867727">
        </testcase>
        <testcase classname="tests/unit/components/landing/hero-section.test.tsx" name="Hero (landing section) &gt; renders trust badges" time="0.020185848">
        </testcase>
    </testsuite>
    <testsuite name="tests/unit/components/layout/dashboard-sidebar.test.tsx" timestamp="2026-09-18T22:15:06.944Z" hostname="t42d1" tests="8" failures="0" errors="0" skipped="0" time="0.289958907">
        <testcase classname="tests/unit/components/layout/dashboard-sidebar.test.tsx" name="DashboardSidebar &gt; renders the PropLead brand link" time="0.105787593">
        </testcase>
        <testcase classname="tests/unit/components/layout/dashboard-sidebar.test.tsx" name="DashboardSidebar &gt; renders agent navigation links by default" time="0.047727566">
        </testcase>
        <testcase classname="tests/unit/components/layout/dashboard-sidebar.test.tsx" name="DashboardSidebar &gt; renders manager-specific links" time="0.038697218">
        </testcase>
        <testcase classname="tests/unit/components/layout/dashboard-sidebar.test.tsx" name="DashboardSidebar &gt; renders admin-specific links" time="0.031966435">
        </testcase>
        <testcase classname="tests/unit/components/layout/dashboard-sidebar.test.tsx" name="DashboardSidebar &gt; shows the role badge when loaded" time="0.021457532">
        </testcase>
        <testcase classname="tests/unit/components/layout/dashboard-sidebar.test.tsx" name="DashboardSidebar &gt; does not show role badge while loading" time="0.009612227">
        </testcase>
        <testcase classname="tests/unit/components/layout/dashboard-sidebar.test.tsx" name="DashboardSidebar &gt; highlights the active link based on pathname" time="0.0106392">
        </testcase>
        <testcase classname="tests/unit/components/layout/dashboard-sidebar.test.tsx" name="DashboardSidebar &gt; brand links to /dashboard" time="0.013199445">
        </testcase>
    </testsuite>
    <testsuite name="tests/unit/components/leads/lead-card.test.tsx" timestamp="2026-09-18T22:15:06.945Z" hostname="t42d1" tests="14" failures="0" errors="0" skipped="0" time="0.364942022">
        <testcase classname="tests/unit/components/leads/lead-card.test.tsx" name="LeadCard &gt; renders the lead name" time="0.06316486">
        </testcase>
        <testcase classname="tests/unit/components/leads/lead-card.test.tsx" name="LeadCard &gt; renders the lead email" time="0.009835809">
        </testcase>
        <testcase classname="tests/unit/components/leads/lead-card.test.tsx" name="LeadCard &gt; renders the lead phone when provided" time="0.008773018">
        </testcase>
        <testcase classname="tests/unit/components/leads/lead-card.test.tsx" name="LeadCard &gt; renders formatted budget" time="0.009376376">
        </testcase>
        <testcase classname="tests/unit/components/leads/lead-card.test.tsx" name="LeadCard &gt; renders the preferred location" time="0.008896743">
        </testcase>
        <testcase classname="tests/unit/components/leads/lead-card.test.tsx" name="LeadCard &gt; renders status badge" time="0.009755972">
        </testcase>
        <testcase classname="tests/unit/components/leads/lead-card.test.tsx" name="LeadCard &gt; renders source when provided" time="0.006325758">
        </testcase>
        <testcase classname="tests/unit/components/leads/lead-card.test.tsx" name="LeadCard &gt; calls onView when view button is clicked" time="0.174062415">
        </testcase>
        <testcase classname="tests/unit/components/leads/lead-card.test.tsx" name="LeadCard &gt; calls onEdit when edit button is clicked" time="0.021899066">
        </testcase>
        <testcase classname="tests/unit/components/leads/lead-card.test.tsx" name="LeadCard &gt; calls onDelete when delete button is clicked" time="0.014024745">
        </testcase>
        <testcase classname="tests/unit/components/leads/lead-card.test.tsx" name="LeadCard &gt; renders without optional fields" time="0.006315158">
        </testcase>
        <testcase classname="tests/unit/components/leads/lead-card.test.tsx" name="LeadCard &gt; shows created date" time="0.007174637">
        </testcase>
        <testcase classname="tests/unit/components/leads/lead-card.test.tsx" name="LeadCard &gt; applies different styling based on status" time="0.009372426">
        </testcase>
        <testcase classname="tests/unit/components/leads/lead-card.test.tsx" name="LeadCard &gt; is accessible as a card region" time="0.010834982">
        </testcase>
    </testsuite>
    <testsuite name="tests/unit/components/leads/lead-pipeline.test.tsx" timestamp="2026-09-18T22:15:06.946Z" hostname="t42d1" tests="11" failures="0" errors="0" skipped="0" time="0.227217084">
        <testcase classname="tests/unit/components/leads/lead-pipeline.test.tsx" name="LeadPipeline (Kanban) &gt; renders all pipeline columns" time="0.072456188">
        </testcase>
        <testcase classname="tests/unit/components/leads/lead-pipeline.test.tsx" name="LeadPipeline (Kanban) &gt; renders leads in correct columns based on status" time="0.015375635">
        </testcase>
        <testcase classname="tests/unit/components/leads/lead-pipeline.test.tsx" name="LeadPipeline (Kanban) &gt; shows loading state" time="0.006137755">
        </testcase>
        <testcase classname="tests/unit/components/leads/lead-pipeline.test.tsx" name="LeadPipeline (Kanban) &gt; shows empty state when no leads" time="0.003864558">
        </testcase>
        <testcase classname="tests/unit/components/leads/lead-pipeline.test.tsx" name="LeadPipeline (Kanban) &gt; calls onLeadClick when a lead card is clicked" time="0.019617989">
        </testcase>
        <testcase classname="tests/unit/components/leads/lead-pipeline.test.tsx" name="LeadPipeline (Kanban) &gt; supports drag and drop to change lead status" time="0.014751438">
        </testcase>
        <testcase classname="tests/unit/components/leads/lead-pipeline.test.tsx" name="LeadPipeline (Kanban) &gt; displays lead count per column" time="0.011954091">
        </testcase>
        <testcase classname="tests/unit/components/leads/lead-pipeline.test.tsx" name="LeadPipeline (Kanban) &gt; shows error state on fetch failure" time="0.005675811">
        </testcase>
        <testcase classname="tests/unit/components/leads/lead-pipeline.test.tsx" name="LeadPipeline (Kanban) &gt; renders column colors" time="0.015622316">
        </testcase>
        <testcase classname="tests/unit/components/leads/lead-pipeline.test.tsx" name="LeadPipeline (Kanban) &gt; has a filter or search input" time="0.017200649">
        </testcase>
        <testcase classname="tests/unit/components/leads/lead-pipeline.test.tsx" name="LeadPipeline (Kanban) &gt; filters leads by search query" time="0.03405409">
        </testcase>
    </testsuite>
    <testsuite name="tests/unit/components/properties/property-card.test.tsx" timestamp="2026-09-18T22:15:06.947Z" hostname="t42d1" tests="6" failures="0" errors="0" skipped="0" time="0.377019724">
        <testcase classname="tests/unit/components/properties/property-card.test.tsx" name="PropertyCard &gt; renders property title as link" time="0.195078531">
        </testcase>
        <testcase classname="tests/unit/components/properties/property-card.test.tsx" name="PropertyCard &gt; renders price formatted in USD" time="0.032499096">
        </testcase>
        <testcase classname="tests/unit/components/properties/property-card.test.tsx" name="PropertyCard &gt; renders location" time="0.033520009">
        </testcase>
        <testcase classname="tests/unit/components/properties/property-card.test.tsx" name="PropertyCard &gt; renders beds, baths, and area" time="0.031366937">
        </testcase>
        <testcase classname="tests/unit/components/properties/property-card.test.tsx" name="PropertyCard &gt; renders status badge" time="0.032781755">
        </testcase>
        <testcase classname="tests/unit/components/properties/property-card.test.tsx" name="PropertyCard &gt; renders fallback icon when no images" time="0.023462468">
        </testcase>
    </testsuite>
    <testsuite name="tests/unit/components/ui/form-card.test.tsx" timestamp="2026-09-18T22:15:06.948Z" hostname="t42d1" tests="4" failures="0" errors="0" skipped="0" time="0.049718835">
        <testcase classname="tests/unit/components/ui/form-card.test.tsx" name="FormCard &gt; renders title when provided" time="0.028519193">
        </testcase>
        <testcase classname="tests/unit/components/ui/form-card.test.tsx" name="FormCard &gt; renders children" time="0.005478759">
        </testcase>
        <testcase classname="tests/unit/components/ui/form-card.test.tsx" name="FormCard &gt; does not render title heading when not provided" time="0.004723357">
        </testcase>
        <testcase classname="tests/unit/components/ui/form-card.test.tsx" name="FormGrid &gt; renders children" time="0.005246997">
        </testcase>
    </testsuite>
    <testsuite name="tests/unit/hooks/use-current-user.test.ts" timestamp="2026-09-18T22:15:06.948Z" hostname="t42d1" tests="5" failures="0" errors="0" skipped="0" time="0.152916833">
        <testcase classname="tests/unit/hooks/use-current-user.test.ts" name="useCurrentUser &gt; returns loading state when Clerk is not loaded" time="0.017959311">
        </testcase>
        <testcase classname="tests/unit/hooks/use-current-user.test.ts" name="useCurrentUser &gt; returns loading when Clerk is loaded but no clerkUser (nothing to fetch)" time="0.002976251">
        </testcase>
        <testcase classname="tests/unit/hooks/use-current-user.test.ts" name="useCurrentUser &gt; fetches user data when clerkUser is loaded" time="0.057933002">
        </testcase>
        <testcase classname="tests/unit/hooks/use-current-user.test.ts" name="useCurrentUser &gt; returns role from user data" time="0.060203398">
        </testcase>
        <testcase classname="tests/unit/hooks/use-current-user.test.ts" name="useCurrentUser &gt; calls /users/me endpoint" time="0.007989897">
        </testcase>
    </testsuite>
    <testsuite name="tests/unit/hooks/use-debounce.test.ts" timestamp="2026-09-18T22:15:06.949Z" hostname="t42d1" tests="3" failures="0" errors="0" skipped="0" time="0.425384327">
        <testcase classname="tests/unit/hooks/use-debounce.test.ts" name="useDebounce &gt; returns initial value immediately" time="0.012614937">
        </testcase>
        <testcase classname="tests/unit/hooks/use-debounce.test.ts" name="useDebounce &gt; updates after delay" time="0.154148865">
        </testcase>
        <testcase classname="tests/unit/hooks/use-debounce.test.ts" name="useDebounce &gt; cancels previous timeout on rapid changes" time="0.25303904">
        </testcase>
    </testsuite>
    <testsuite name="tests/unit/lib/api-client.test.ts" timestamp="2026-09-18T22:15:06.950Z" hostname="t42d1" tests="6" failures="0" errors="0" skipped="0" time="0.005605684">
        <testcase classname="tests/unit/lib/api-client.test.ts" name="api-client &gt; setAuthToken &gt; stores token and clears it" time="0.000912847">
        </testcase>
        <testcase classname="tests/unit/lib/api-client.test.ts" name="api-client &gt; propertiesApi &gt; list calls GET /properties" time="0.000760522">
        </testcase>
        <testcase classname="tests/unit/lib/api-client.test.ts" name="api-client &gt; propertiesApi &gt; get calls GET /properties/:slug" time="0.000226601">
        </testcase>
        <testcase classname="tests/unit/lib/api-client.test.ts" name="api-client &gt; propertiesApi &gt; create calls POST /properties" time="0.000204222">
        </testcase>
        <testcase classname="tests/unit/lib/api-client.test.ts" name="api-client &gt; leadsApi &gt; list calls GET /leads" time="0.000210972">
        </testcase>
        <testcase classname="tests/unit/lib/api-client.test.ts" name="api-client &gt; interactionsApi &gt; listByLead calls GET /leads/:leadId/interactions" time="0.000157535">
        </testcase>
    </testsuite>
    <testsuite name="tests/unit/lib/queries/use-interactions.test.tsx" timestamp="2026-09-18T22:15:06.950Z" hostname="t42d1" tests="5" failures="0" errors="0" skipped="0" time="0.324375649">
        <testcase classname="tests/unit/lib/queries/use-interactions.test.tsx" name="useInteractions &gt; fetches interactions list" time="0.084125929">
        </testcase>
        <testcase classname="tests/unit/lib/queries/use-interactions.test.tsx" name="useInteractions &gt; returns interactions with expected shape" time="0.055547429">
        </testcase>
        <testcase classname="tests/unit/lib/queries/use-interactions.test.tsx" name="useInteractions &gt; handles server error gracefully" time="0.063453248">
        </testcase>
        <testcase classname="tests/unit/lib/queries/use-interactions.test.tsx" name="useCreateInteraction &gt; creates a new interaction for a lead" time="0.05793757">
        </testcase>
        <testcase classname="tests/unit/lib/queries/use-interactions.test.tsx" name="useCreateInteraction &gt; invalidates interactions cache on success" time="0.058993712">
        </testcase>
    </testsuite>
    <testsuite name="tests/unit/lib/queries/use-leads.test.tsx" timestamp="2026-09-18T22:15:06.951Z" hostname="t42d1" tests="8" failures="0" errors="0" skipped="0" time="0.432574992">
        <testcase classname="tests/unit/lib/queries/use-leads.test.tsx" name="useLeads &gt; fetches leads list" time="0.070906635">
        </testcase>
        <testcase classname="tests/unit/lib/queries/use-leads.test.tsx" name="useLeads &gt; passes params to the query" time="0.060742668">
        </testcase>
        <testcase classname="tests/unit/lib/queries/use-leads.test.tsx" name="useLeads &gt; handles server error gracefully" time="0.058964713">
        </testcase>
        <testcase classname="tests/unit/lib/queries/use-leads.test.tsx" name="useLead &gt; fetches a single lead by id" time="0.054781877">
        </testcase>
        <testcase classname="tests/unit/lib/queries/use-leads.test.tsx" name="useLead &gt; does not fetch when id is empty" time="0.004412508">
        </testcase>
        <testcase classname="tests/unit/lib/queries/use-leads.test.tsx" name="useLead &gt; returns error for non-existent lead" time="0.056417257">
        </testcase>
        <testcase classname="tests/unit/lib/queries/use-leads.test.tsx" name="useCreateLead &gt; creates a new lead" time="0.054512336">
        </testcase>
        <testcase classname="tests/unit/lib/queries/use-leads.test.tsx" name="useUpdateLead &gt; updates an existing lead" time="0.062501383">
        </testcase>
    </testsuite>
    <testsuite name="tests/unit/lib/queries/use-properties.test.tsx" timestamp="2026-09-18T22:15:06.952Z" hostname="t42d1" tests="1" failures="0" errors="0" skipped="0" time="0.137630545">
        <testcase classname="tests/unit/lib/queries/use-properties.test.tsx" name="useProperties &gt; fetches properties list" time="0.131083145">
        </testcase>
    </testsuite>
    <testsuite name="tests/unit/lib/utils.test.ts" timestamp="2026-09-18T22:15:06.952Z" hostname="t42d1" tests="8" failures="0" errors="0" skipped="0" time="0.045017597">
        <testcase classname="tests/unit/lib/utils.test.ts" name="cn &gt; merges class names" time="0.010736166">
        </testcase>
        <testcase classname="tests/unit/lib/utils.test.ts" name="cn &gt; handles conditional classes" time="0.000983044">
        </testcase>
        <testcase classname="tests/unit/lib/utils.test.ts" name="cn &gt; resolves tailwind conflicts" time="0.000792271">
        </testcase>
        <testcase classname="tests/unit/lib/utils.test.ts" name="formatPrice &gt; formats USD currency" time="0.013713816">
        </testcase>
        <testcase classname="tests/unit/lib/utils.test.ts" name="formatPrice &gt; handles zero" time="0.00053454">
        </testcase>
        <testcase classname="tests/unit/lib/utils.test.ts" name="formatPrice &gt; handles decimal values" time="0.000477042">
        </testcase>
        <testcase classname="tests/unit/lib/utils.test.ts" name="formatDate &gt; formats ISO date string" time="0.004704057">
        </testcase>
        <testcase classname="tests/unit/lib/utils.test.ts" name="formatDate &gt; formats Date object" time="0.000588538">
        </testcase>
    </testsuite>
    <testsuite name="tests/unit/lib/validations/lead-schema.test.ts" timestamp="2026-09-18T22:15:06.953Z" hostname="t42d1" tests="18" failures="0" errors="0" skipped="0" time="0.009826249">
        <testcase classname="tests/unit/lib/validations/lead-schema.test.ts" name="leadSchema &gt; validates a correct lead object" time="0.002672231">
        </testcase>
        <testcase classname="tests/unit/lib/validations/lead-schema.test.ts" name="leadSchema &gt; requires name" time="0.00081657">
        </testcase>
        <testcase classname="tests/unit/lib/validations/lead-schema.test.ts" name="leadSchema &gt; requires valid email" time="0.000344557">
        </testcase>
        <testcase classname="tests/unit/lib/validations/lead-schema.test.ts" name="leadSchema &gt; rejects invalid email formats" time="0.000315069">
        </testcase>
        <testcase classname="tests/unit/lib/validations/lead-schema.test.ts" name="leadSchema &gt; allows optional phone" time="0.00053863">
        </testcase>
        <testcase classname="tests/unit/lib/validations/lead-schema.test.ts" name="leadSchema &gt; allows optional budget" time="0.000151914">
        </testcase>
        <testcase classname="tests/unit/lib/validations/lead-schema.test.ts" name="leadSchema &gt; requires positive budget when provided" time="0.000172934">
        </testcase>
        <testcase classname="tests/unit/lib/validations/lead-schema.test.ts" name="leadSchema &gt; allows zero budget" time="0.000116615">
        </testcase>
        <testcase classname="tests/unit/lib/validations/lead-schema.test.ts" name="leadSchema &gt; allows optional preferredLocation" time="0.000194073">
        </testcase>
        <testcase classname="tests/unit/lib/validations/lead-schema.test.ts" name="leadSchema &gt; allows optional bedsDesired" time="0.000193712">
        </testcase>
        <testcase classname="tests/unit/lib/validations/lead-schema.test.ts" name="leadSchema &gt; requires bedsDesired to be non-negative when provided" time="0.000117086">
        </testcase>
        <testcase classname="tests/unit/lib/validations/lead-schema.test.ts" name="leadSchema &gt; requires bathsDesired to be non-negative when provided" time="0.000100346">
        </testcase>
        <testcase classname="tests/unit/lib/validations/lead-schema.test.ts" name="leadSchema &gt; allows optional notes" time="0.000083767">
        </testcase>
        <testcase classname="tests/unit/lib/validations/lead-schema.test.ts" name="leadSchema &gt; allows optional status" time="0.000080047">
        </testcase>
        <testcase classname="tests/unit/lib/validations/lead-schema.test.ts" name="leadSchema &gt; allows optional source" time="0.000075067">
        </testcase>
        <testcase classname="tests/unit/lib/validations/lead-schema.test.ts" name="leadSchema &gt; requires assignedAgentId" time="0.000155684">
        </testcase>
        <testcase classname="tests/unit/lib/validations/lead-schema.test.ts" name="leadSchema &gt; allows minimal required fields only" time="0.000146505">
        </testcase>
        <testcase classname="tests/unit/lib/validations/lead-schema.test.ts" name="leadSchema &gt; coerces string numbers for numeric fields" time="0.000107026">
        </testcase>
    </testsuite>
    <testsuite name="tests/unit/lib/validations/property-schema.test.ts" timestamp="2026-09-18T22:15:06.955Z" hostname="t42d1" tests="18" failures="0" errors="0" skipped="0" time="0.016908069">
        <testcase classname="tests/unit/lib/validations/property-schema.test.ts" name="propertySchema &gt; validates a correct property object" time="0.004267293">
        </testcase>
        <testcase classname="tests/unit/lib/validations/property-schema.test.ts" name="propertySchema &gt; requires title with minimum 3 characters" time="0.001408939">
        </testcase>
        <testcase classname="tests/unit/lib/validations/property-schema.test.ts" name="propertySchema &gt; requires title with maximum 200 characters" time="0.000683045">
        </testcase>
        <testcase classname="tests/unit/lib/validations/property-schema.test.ts" name="propertySchema &gt; requires description with minimum 10 characters" time="0.000592788">
        </testcase>
        <testcase classname="tests/unit/lib/validations/property-schema.test.ts" name="propertySchema &gt; requires description with maximum 2000 characters" time="0.000445334">
        </testcase>
        <testcase classname="tests/unit/lib/validations/property-schema.test.ts" name="propertySchema &gt; requires positive price" time="0.00055194">
        </testcase>
        <testcase classname="tests/unit/lib/validations/property-schema.test.ts" name="propertySchema &gt; allows zero price" time="0.000350037">
        </testcase>
        <testcase classname="tests/unit/lib/validations/property-schema.test.ts" name="propertySchema &gt; requires location" time="0.000526611">
        </testcase>
        <testcase classname="tests/unit/lib/validations/property-schema.test.ts" name="propertySchema &gt; allows beds between 0 and 100" time="0.000694364">
        </testcase>
        <testcase classname="tests/unit/lib/validations/property-schema.test.ts" name="propertySchema &gt; allows baths between 0 and 100" time="0.000292659">
        </testcase>
        <testcase classname="tests/unit/lib/validations/property-schema.test.ts" name="propertySchema &gt; requires positive area" time="0.000153225">
        </testcase>
        <testcase classname="tests/unit/lib/validations/property-schema.test.ts" name="propertySchema &gt; requires valid propertyType enum" time="0.000236732">
        </testcase>
        <testcase classname="tests/unit/lib/validations/property-schema.test.ts" name="propertySchema &gt; accepts all valid property types" time="0.000698085">
        </testcase>
        <testcase classname="tests/unit/lib/validations/property-schema.test.ts" name="propertySchema &gt; allows optional status" time="0.000135626">
        </testcase>
        <testcase classname="tests/unit/lib/validations/property-schema.test.ts" name="propertySchema &gt; accepts valid status values" time="0.000248471">
        </testcase>
        <testcase classname="tests/unit/lib/validations/property-schema.test.ts" name="propertySchema &gt; requires at least one image" time="0.000320798">
        </testcase>
        <testcase classname="tests/unit/lib/validations/property-schema.test.ts" name="propertySchema &gt; allows optional fields" time="0.000156324">
        </testcase>
        <testcase classname="tests/unit/lib/validations/property-schema.test.ts" name="propertySchema &gt; coerces string numbers for numeric fields" time="0.000134455">
        </testcase>
    </testsuite>
    <testsuite name="tests/unit/store/filters-store.test.ts" timestamp="2026-09-18T22:15:06.957Z" hostname="t42d1" tests="6" failures="0" errors="0" skipped="0" time="0.007870871">
        <testcase classname="tests/unit/store/filters-store.test.ts" name="filters-store &gt; sets search term" time="0.001307592">
        </testcase>
        <testcase classname="tests/unit/store/filters-store.test.ts" name="filters-store &gt; toggles property type" time="0.000323748">
        </testcase>
        <testcase classname="tests/unit/store/filters-store.test.ts" name="filters-store &gt; sets price range" time="0.000219582">
        </testcase>
        <testcase classname="tests/unit/store/filters-store.test.ts" name="filters-store &gt; sets beds" time="0.000174893">
        </testcase>
        <testcase classname="tests/unit/store/filters-store.test.ts" name="filters-store &gt; sets status" time="0.000178473">
        </testcase>
        <testcase classname="tests/unit/store/filters-store.test.ts" name="filters-store &gt; resets all filters" time="0.000827659">
        </testcase>
    </testsuite>
    <testsuite name="tests/unit/store/ui-store.test.ts" timestamp="2026-09-18T22:15:06.958Z" hostname="t42d1" tests="3" failures="0" errors="0" skipped="0" time="0.005651653">
        <testcase classname="tests/unit/store/ui-store.test.ts" name="ui-store &gt; starts with sidebar closed" time="0.001389449">
        </testcase>
        <testcase classname="tests/unit/store/ui-store.test.ts" name="ui-store &gt; toggles sidebar open" time="0.000374626">
        </testcase>
        <testcase classname="tests/unit/store/ui-store.test.ts" name="ui-store &gt; toggles sidebar closed" time="0.000209772">
        </testcase>
    </testsuite>
    <testsuite name="tests/unit/utils/cn.test.ts" timestamp="2026-09-18T22:15:06.958Z" hostname="t42d1" tests="8" failures="0" errors="0" skipped="0" time="0.018175693">
        <testcase classname="tests/unit/utils/cn.test.ts" name="cn &gt; merges class names" time="0.009052818">
        </testcase>
        <testcase classname="tests/unit/utils/cn.test.ts" name="cn &gt; handles conditional classes" time="0.000762472">
        </testcase>
        <testcase classname="tests/unit/utils/cn.test.ts" name="cn &gt; resolves Tailwind conflicts using tailwind-merge" time="0.001132079">
        </testcase>
        <testcase classname="tests/unit/utils/cn.test.ts" name="cn &gt; flattens arrays of classes" time="0.000309809">
        </testcase>
        <testcase classname="tests/unit/utils/cn.test.ts" name="cn &gt; handles null and undefined inputs" time="0.000465903">
        </testcase>
        <testcase classname="tests/unit/utils/cn.test.ts" name="cn &gt; handles objects" time="0.000207562">
        </testcase>
        <testcase classname="tests/unit/utils/cn.test.ts" name="cn &gt; returns empty string for no inputs" time="0.000285739">
        </testcase>
        <testcase classname="tests/unit/utils/cn.test.ts" name="cn &gt; merges complex Tailwind utility classes correctly" time="0.000285619">
        </testcase>
    </testsuite>
    <testsuite name="tests/unit/utils/format.test.ts" timestamp="2026-09-18T22:15:06.959Z" hostname="t42d1" tests="9" failures="0" errors="0" skipped="0" time="0.04167752">
        <testcase classname="tests/unit/utils/format.test.ts" name="formatPrice &gt; formats a number as USD currency" time="0.02098135">
        </testcase>
        <testcase classname="tests/unit/utils/format.test.ts" name="formatPrice &gt; formats zero" time="0.00056065">
        </testcase>
        <testcase classname="tests/unit/utils/format.test.ts" name="formatPrice &gt; formats small amounts" time="0.000424274">
        </testcase>
        <testcase classname="tests/unit/utils/format.test.ts" name="formatPrice &gt; formats millions" time="0.000409504">
        </testcase>
        <testcase classname="tests/unit/utils/format.test.ts" name="formatPrice &gt; does not include decimal places" time="0.000313378">
        </testcase>
        <testcase classname="tests/unit/utils/format.test.ts" name="formatDate &gt; formats an ISO date string" time="0.004187846">
        </testcase>
        <testcase classname="tests/unit/utils/format.test.ts" name="formatDate &gt; formats a Date object" time="0.000591909">
        </testcase>
        <testcase classname="tests/unit/utils/format.test.ts" name="formatDate &gt; formats December correctly" time="0.000405745">
        </testcase>
        <testcase classname="tests/unit/utils/format.test.ts" name="formatDate &gt; pads single-digit days" time="0.004512055">
        </testcase>
    </testsuite>
</testsuites>
